<?xml version="1.0" encoding="ISO-8859-1" ?>
<link_info>
   <banner>TI ARM Linker PC v20.2.7.LTS</banner>
   <copyright>Copyright (c) 1996-2018 Texas Instruments Incorporated</copyright>
   <link_time>0x64486801</link_time>
   <link_errors>0x0</link_errors>
   <output_file>570 freeRTOS.out</output_file>
   <entry_point>
      <name>_c_int00</name>
      <address>0xeea8</address>
   </entry_point>
   <input_file_list>
      <input_file id="fl-2">
         <path>.\source\</path>
         <kind>object</kind>
         <file>dabort.obj</file>
         <name>dabort.obj</name>
      </input_file>
      <input_file id="fl-3">
         <path>.\source\</path>
         <kind>object</kind>
         <file>errata_SSWF021_45.obj</file>
         <name>errata_SSWF021_45.obj</name>
      </input_file>
      <input_file id="fl-4">
         <path>.\source\</path>
         <kind>object</kind>
         <file>esm.obj</file>
         <name>esm.obj</name>
      </input_file>
      <input_file id="fl-5">
         <path>.\source\</path>
         <kind>object</kind>
         <file>gio.obj</file>
         <name>gio.obj</name>
      </input_file>
      <input_file id="fl-6">
         <path>.\source\</path>
         <kind>object</kind>
         <file>het.obj</file>
         <name>het.obj</name>
      </input_file>
      <input_file id="fl-7">
         <path>.\source\</path>
         <kind>object</kind>
         <file>notification.obj</file>
         <name>notification.obj</name>
      </input_file>
      <input_file id="fl-8">
         <path>.\source\</path>
         <kind>object</kind>
         <file>os_croutine.obj</file>
         <name>os_croutine.obj</name>
      </input_file>
      <input_file id="fl-9">
         <path>.\source\</path>
         <kind>object</kind>
         <file>os_event_groups.obj</file>
         <name>os_event_groups.obj</name>
      </input_file>
      <input_file id="fl-a">
         <path>.\source\</path>
         <kind>object</kind>
         <file>os_heap.obj</file>
         <name>os_heap.obj</name>
      </input_file>
      <input_file id="fl-b">
         <path>.\source\</path>
         <kind>object</kind>
         <file>os_list.obj</file>
         <name>os_list.obj</name>
      </input_file>
      <input_file id="fl-c">
         <path>.\source\</path>
         <kind>object</kind>
         <file>os_mpu_wrappers.obj</file>
         <name>os_mpu_wrappers.obj</name>
      </input_file>
      <input_file id="fl-d">
         <path>.\source\</path>
         <kind>object</kind>
         <file>os_port.obj</file>
         <name>os_port.obj</name>
      </input_file>
      <input_file id="fl-e">
         <path>.\source\</path>
         <kind>object</kind>
         <file>os_portasm.obj</file>
         <name>os_portasm.obj</name>
      </input_file>
      <input_file id="fl-f">
         <path>.\source\</path>
         <kind>object</kind>
         <file>os_queue.obj</file>
         <name>os_queue.obj</name>
      </input_file>
      <input_file id="fl-10">
         <path>.\source\</path>
         <kind>object</kind>
         <file>os_tasks.obj</file>
         <name>os_tasks.obj</name>
      </input_file>
      <input_file id="fl-11">
         <path>.\source\</path>
         <kind>object</kind>
         <file>os_timer.obj</file>
         <name>os_timer.obj</name>
      </input_file>
      <input_file id="fl-12">
         <path>.\source\</path>
         <kind>object</kind>
         <file>pinmux.obj</file>
         <name>pinmux.obj</name>
      </input_file>
      <input_file id="fl-13">
         <path>.\source\</path>
         <kind>object</kind>
         <file>sci.obj</file>
         <name>sci.obj</name>
      </input_file>
      <input_file id="fl-14">
         <path>.\source\</path>
         <kind>object</kind>
         <file>sys_core.obj</file>
         <name>sys_core.obj</name>
      </input_file>
      <input_file id="fl-15">
         <path>.\source\</path>
         <kind>object</kind>
         <file>sys_intvecs.obj</file>
         <name>sys_intvecs.obj</name>
      </input_file>
      <input_file id="fl-16">
         <path>.\source\</path>
         <kind>object</kind>
         <file>sys_main.obj</file>
         <name>sys_main.obj</name>
      </input_file>
      <input_file id="fl-17">
         <path>.\source\</path>
         <kind>object</kind>
         <file>sys_mpu.obj</file>
         <name>sys_mpu.obj</name>
      </input_file>
      <input_file id="fl-18">
         <path>.\source\</path>
         <kind>object</kind>
         <file>sys_pcr.obj</file>
         <name>sys_pcr.obj</name>
      </input_file>
      <input_file id="fl-19">
         <path>.\source\</path>
         <kind>object</kind>
         <file>sys_phantom.obj</file>
         <name>sys_phantom.obj</name>
      </input_file>
      <input_file id="fl-1a">
         <path>.\source\</path>
         <kind>object</kind>
         <file>sys_pmu.obj</file>
         <name>sys_pmu.obj</name>
      </input_file>
      <input_file id="fl-1b">
         <path>.\source\</path>
         <kind>object</kind>
         <file>sys_selftest.obj</file>
         <name>sys_selftest.obj</name>
      </input_file>
      <input_file id="fl-1c">
         <path>.\source\</path>
         <kind>object</kind>
         <file>sys_startup.obj</file>
         <name>sys_startup.obj</name>
      </input_file>
      <input_file id="fl-1d">
         <path>.\source\</path>
         <kind>object</kind>
         <file>sys_vim.obj</file>
         <name>sys_vim.obj</name>
      </input_file>
      <input_file id="fl-1e">
         <path>.\source\</path>
         <kind>object</kind>
         <file>system.obj</file>
         <name>system.obj</name>
      </input_file>
      <input_file id="fl-1f">
         <path>.\source\</path>
         <kind>object</kind>
         <file>vTaskUARTRx.obj</file>
         <name>vTaskUARTRx.obj</name>
      </input_file>
      <input_file id="fl-20">
         <path>.\source\</path>
         <kind>object</kind>
         <file>vTaskUARTTx.obj</file>
         <name>vTaskUARTTx.obj</name>
      </input_file>
      <input_file id="fl-24">
         <kind>object</kind>
         <file>&lt;internal&gt;</file>
         <name>&lt;internal&gt;</name>
      </input_file>
      <input_file id="fl-da">
         <path>C:\ti\ccs1220\ccs\tools\compiler\ti-cgt-arm_20.2.7.LTS\lib\</path>
         <kind>archive</kind>
         <file>rtsv7R4_A_be_eabi.lib</file>
         <name>s_floor.c.obj</name>
      </input_file>
      <input_file id="fl-db">
         <path>C:\ti\ccs1220\ccs\tools\compiler\ti-cgt-arm_20.2.7.LTS\lib\</path>
         <kind>archive</kind>
         <file>rtsv7R4_A_be_eabi.lib</file>
         <name>fd_add32.asm.obj</name>
      </input_file>
      <input_file id="fl-dc">
         <path>C:\ti\ccs1220\ccs\tools\compiler\ti-cgt-arm_20.2.7.LTS\lib\</path>
         <kind>archive</kind>
         <file>rtsv7R4_A_be_eabi.lib</file>
         <name>fd_cmp32.asm.obj</name>
      </input_file>
      <input_file id="fl-dd">
         <path>C:\ti\ccs1220\ccs\tools\compiler\ti-cgt-arm_20.2.7.LTS\lib\</path>
         <kind>archive</kind>
         <file>rtsv7R4_A_be_eabi.lib</file>
         <name>fd_div32.asm.obj</name>
      </input_file>
      <input_file id="fl-de">
         <path>C:\ti\ccs1220\ccs\tools\compiler\ti-cgt-arm_20.2.7.LTS\lib\</path>
         <kind>archive</kind>
         <file>rtsv7R4_A_be_eabi.lib</file>
         <name>fd_mul32.asm.obj</name>
      </input_file>
      <input_file id="fl-df">
         <path>C:\ti\ccs1220\ccs\tools\compiler\ti-cgt-arm_20.2.7.LTS\lib\</path>
         <kind>archive</kind>
         <file>rtsv7R4_A_be_eabi.lib</file>
         <name>fd_tou32.asm.obj</name>
      </input_file>
      <input_file id="fl-e0">
         <path>C:\ti\ccs1220\ccs\tools\compiler\ti-cgt-arm_20.2.7.LTS\lib\</path>
         <kind>archive</kind>
         <file>rtsv7R4_A_be_eabi.lib</file>
         <name>memcpy32.asm.obj</name>
      </input_file>
      <input_file id="fl-e1">
         <path>C:\ti\ccs1220\ccs\tools\compiler\ti-cgt-arm_20.2.7.LTS\lib\</path>
         <kind>archive</kind>
         <file>rtsv7R4_A_be_eabi.lib</file>
         <name>u_tofd32.asm.obj</name>
      </input_file>
      <input_file id="fl-e2">
         <path>C:\ti\ccs1220\ccs\tools\compiler\ti-cgt-arm_20.2.7.LTS\lib\</path>
         <kind>archive</kind>
         <file>rtsv7R4_A_be_eabi.lib</file>
         <name>memset32.asm.obj</name>
      </input_file>
      <input_file id="fl-e3">
         <path>C:\ti\ccs1220\ccs\tools\compiler\ti-cgt-arm_20.2.7.LTS\lib\</path>
         <kind>archive</kind>
         <file>rtsv7R4_A_be_eabi.lib</file>
         <name>u_div32.asm.obj</name>
      </input_file>
      <input_file id="fl-e4">
         <path>C:\ti\ccs1220\ccs\tools\compiler\ti-cgt-arm_20.2.7.LTS\lib\</path>
         <kind>archive</kind>
         <file>rtsv7R4_A_be_eabi.lib</file>
         <name>autoinit.c.obj</name>
      </input_file>
      <input_file id="fl-e5">
         <path>C:\ti\ccs1220\ccs\tools\compiler\ti-cgt-arm_20.2.7.LTS\lib\</path>
         <kind>archive</kind>
         <file>rtsv7R4_A_be_eabi.lib</file>
         <name>cpy_tbl.c.obj</name>
      </input_file>
      <input_file id="fl-e6">
         <path>C:\ti\ccs1220\ccs\tools\compiler\ti-cgt-arm_20.2.7.LTS\lib\</path>
         <kind>archive</kind>
         <file>rtsv7R4_A_be_eabi.lib</file>
         <name>copy_zero_init.c.obj</name>
      </input_file>
      <input_file id="fl-e7">
         <path>C:\ti\ccs1220\ccs\tools\compiler\ti-cgt-arm_20.2.7.LTS\lib\</path>
         <kind>archive</kind>
         <file>rtsv7R4_A_be_eabi.lib</file>
         <name>copy_decompress_none.c.obj</name>
      </input_file>
      <input_file id="fl-e8">
         <path>C:\ti\ccs1220\ccs\tools\compiler\ti-cgt-arm_20.2.7.LTS\lib\</path>
         <kind>archive</kind>
         <file>rtsv7R4_A_be_eabi.lib</file>
         <name>copy_decompress_lzss.c.obj</name>
      </input_file>
      <input_file id="fl-e9">
         <path>C:\ti\ccs1220\ccs\tools\compiler\ti-cgt-arm_20.2.7.LTS\lib\</path>
         <kind>archive</kind>
         <file>rtsv7R4_A_be_eabi.lib</file>
         <name>exit.c.obj</name>
      </input_file>
      <input_file id="fl-ea">
         <path>C:\ti\ccs1220\ccs\tools\compiler\ti-cgt-arm_20.2.7.LTS\lib\</path>
         <kind>archive</kind>
         <file>rtsv7R4_A_be_eabi.lib</file>
         <name>_lock.c.obj</name>
      </input_file>
      <input_file id="fl-eb">
         <path>C:\ti\ccs1220\ccs\tools\compiler\ti-cgt-arm_20.2.7.LTS\lib\</path>
         <kind>archive</kind>
         <file>rtsv7R4_A_be_eabi.lib</file>
         <name>strcat.c.obj</name>
      </input_file>
      <input_file id="fl-ec">
         <path>C:\ti\ccs1220\ccs\tools\compiler\ti-cgt-arm_20.2.7.LTS\lib\</path>
         <kind>archive</kind>
         <file>rtsv7R4_A_be_eabi.lib</file>
         <name>strlen.c.obj</name>
      </input_file>
      <input_file id="fl-ed">
         <path>C:\ti\ccs1220\ccs\tools\compiler\ti-cgt-arm_20.2.7.LTS\lib\</path>
         <kind>archive</kind>
         <file>rtsv7R4_A_be_eabi.lib</file>
         <name>strncat.c.obj</name>
      </input_file>
      <input_file id="fl-ee">
         <path>C:\ti\ccs1220\ccs\tools\compiler\ti-cgt-arm_20.2.7.LTS\lib\</path>
         <kind>archive</kind>
         <file>rtsv7R4_A_be_eabi.lib</file>
         <name>strncmp.c.obj</name>
      </input_file>
      <input_file id="fl-ef">
         <path>C:\ti\ccs1220\ccs\tools\compiler\ti-cgt-arm_20.2.7.LTS\lib\</path>
         <kind>archive</kind>
         <file>rtsv7R4_A_be_eabi.lib</file>
         <name>strtol.c.obj</name>
      </input_file>
      <input_file id="fl-f0">
         <path>C:\ti\ccs1220\ccs\tools\compiler\ti-cgt-arm_20.2.7.LTS\lib\</path>
         <kind>archive</kind>
         <file>rtsv7R4_A_be_eabi.lib</file>
         <name>errno.c.obj</name>
      </input_file>
      <input_file id="fl-f1">
         <path>C:\ti\ccs1220\ccs\tools\compiler\ti-cgt-arm_20.2.7.LTS\lib\</path>
         <kind>archive</kind>
         <file>rtsv7R4_A_be_eabi.lib</file>
         <name>div0.asm.obj</name>
      </input_file>
      <input_file id="fl-f2">
         <path>C:\ti\ccs1220\ccs\tools\compiler\ti-cgt-arm_20.2.7.LTS\lib\</path>
         <kind>archive</kind>
         <file>rtsv7R4_A_be_eabi.lib</file>
         <name>ctype.c.obj</name>
      </input_file>
   </input_file_list>
   <object_component_list>
      <object_component id="oc-33">
         <name>.intvecs</name>
         <load_address>0x0</load_address>
         <run_address>0x0</run_address>
         <size>0x20</size>
         <input_file_ref idref="fl-15"/>
      </object_component>
      <object_component id="oc-14a">
         <name>.kernelTEXT</name>
         <load_address>0x20</load_address>
         <run_address>0x20</run_address>
         <size>0x2bb8</size>
         <input_file_ref idref="fl-10"/>
      </object_component>
      <object_component id="oc-150">
         <name>.kernelTEXT</name>
         <load_address>0x2bd8</load_address>
         <run_address>0x2bd8</run_address>
         <size>0x11d4</size>
         <input_file_ref idref="fl-f"/>
      </object_component>
      <object_component id="oc-25b">
         <name>.kernelTEXT</name>
         <load_address>0x3dac</load_address>
         <run_address>0x3dac</run_address>
         <size>0x818</size>
         <input_file_ref idref="fl-9"/>
      </object_component>
      <object_component id="oc-288">
         <name>.kernelTEXT</name>
         <load_address>0x45c4</load_address>
         <run_address>0x45c4</run_address>
         <size>0x3bc</size>
         <input_file_ref idref="fl-d"/>
      </object_component>
      <object_component id="oc-a5">
         <name>.kernelTEXT</name>
         <load_address>0x4980</load_address>
         <run_address>0x4980</run_address>
         <size>0x3b0</size>
         <input_file_ref idref="fl-e"/>
      </object_component>
      <object_component id="oc-27c">
         <name>.kernelTEXT</name>
         <load_address>0x4d30</load_address>
         <run_address>0x4d30</run_address>
         <size>0x37c</size>
         <input_file_ref idref="fl-a"/>
      </object_component>
      <object_component id="oc-426">
         <name>.cinit..data.load</name>
         <load_address>0x50b0</load_address>
         <run_address>0x50b0</run_address>
         <size>0x11</size>
      </object_component>
      <object_component id="oc-421">
         <name>__TI_handler_table</name>
         <load_address>0x50c4</load_address>
         <run_address>0x50c4</run_address>
         <size>0xc</size>
      </object_component>
      <object_component id="oc-423">
         <name>.cinit..kernelBSS.load</name>
         <load_address>0x50d0</load_address>
         <run_address>0x50d0</run_address>
         <size>0x9</size>
      </object_component>
      <object_component id="oc-425">
         <name>.cinit..bss.load</name>
         <load_address>0x50e0</load_address>
         <run_address>0x50e0</run_address>
         <size>0x8</size>
      </object_component>
      <object_component id="oc-424">
         <name>.cinit..kernelHEAP.load</name>
         <load_address>0x50e8</load_address>
         <run_address>0x50e8</run_address>
         <size>0x8</size>
      </object_component>
      <object_component id="oc-422">
         <name>__TI_cinit_table</name>
         <load_address>0x50f0</load_address>
         <run_address>0x50f0</run_address>
         <size>0x20</size>
      </object_component>
      <object_component id="oc-84">
         <name>.text</name>
         <load_address>0x8020</load_address>
         <run_address>0x8020</run_address>
         <size>0x24f0</size>
         <input_file_ref idref="fl-1b"/>
      </object_component>
      <object_component id="oc-7e">
         <name>.text</name>
         <load_address>0xa510</load_address>
         <run_address>0xa510</run_address>
         <size>0xaa0</size>
         <input_file_ref idref="fl-1e"/>
      </object_component>
      <object_component id="oc-144">
         <name>.text</name>
         <load_address>0xafb0</load_address>
         <run_address>0xafb0</run_address>
         <size>0x9a0</size>
         <input_file_ref idref="fl-c"/>
      </object_component>
      <object_component id="oc-13e">
         <name>.text</name>
         <load_address>0xb950</load_address>
         <run_address>0xb950</run_address>
         <size>0x8fc</size>
         <input_file_ref idref="fl-6"/>
      </object_component>
      <object_component id="oc-42">
         <name>.text</name>
         <load_address>0xc24c</load_address>
         <run_address>0xc24c</run_address>
         <size>0x89c</size>
         <input_file_ref idref="fl-1d"/>
      </object_component>
      <object_component id="oc-138">
         <name>.text</name>
         <load_address>0xcae8</load_address>
         <run_address>0xcae8</run_address>
         <size>0x6e4</size>
         <input_file_ref idref="fl-13"/>
      </object_component>
      <object_component id="oc-72">
         <name>.text</name>
         <load_address>0xd1cc</load_address>
         <run_address>0xd1cc</run_address>
         <size>0x664</size>
         <input_file_ref idref="fl-3"/>
      </object_component>
      <object_component id="oc-8a">
         <name>.text</name>
         <load_address>0xd830</load_address>
         <run_address>0xd830</run_address>
         <size>0x5bc</size>
         <input_file_ref idref="fl-4"/>
      </object_component>
      <object_component id="oc-132">
         <name>.text</name>
         <load_address>0xddec</load_address>
         <run_address>0xddec</run_address>
         <size>0x36c</size>
         <input_file_ref idref="fl-5"/>
      </object_component>
      <object_component id="oc-168">
         <name>.text</name>
         <load_address>0xe158</load_address>
         <run_address>0xe158</run_address>
         <size>0x368</size>
         <input_file_ref idref="fl-20"/>
      </object_component>
      <object_component id="oc-6d">
         <name>.text</name>
         <load_address>0xe4c0</load_address>
         <run_address>0xe4c0</run_address>
         <size>0x2d0</size>
         <input_file_ref idref="fl-14"/>
      </object_component>
      <object_component id="oc-351">
         <name>.text</name>
         <load_address>0xe790</load_address>
         <run_address>0xe790</run_address>
         <size>0x278</size>
         <input_file_ref idref="fl-a"/>
      </object_component>
      <object_component id="oc-3e">
         <name>.text:retain</name>
         <load_address>0xea08</load_address>
         <run_address>0xea08</run_address>
         <size>0x268</size>
         <input_file_ref idref="fl-1d"/>
      </object_component>
      <object_component id="oc-282">
         <name>.text</name>
         <load_address>0xec70</load_address>
         <run_address>0xec70</run_address>
         <size>0x238</size>
         <input_file_ref idref="fl-b"/>
      </object_component>
      <object_component id="oc-1e">
         <name>.text:retain</name>
         <load_address>0xeea8</load_address>
         <run_address>0xeea8</run_address>
         <size>0x214</size>
         <input_file_ref idref="fl-1c"/>
      </object_component>
      <object_component id="oc-22d">
         <name>.text</name>
         <load_address>0xf0bc</load_address>
         <run_address>0xf0bc</run_address>
         <size>0x214</size>
         <input_file_ref idref="fl-db"/>
      </object_component>
      <object_component id="oc-2ce">
         <name>.text:strtol</name>
         <load_address>0xf2d0</load_address>
         <run_address>0xf2d0</run_address>
         <size>0x1f4</size>
         <input_file_ref idref="fl-ef"/>
      </object_component>
      <object_component id="oc-2d">
         <name>.text:retain</name>
         <load_address>0xf4c4</load_address>
         <run_address>0xf4c4</run_address>
         <size>0x1d8</size>
         <input_file_ref idref="fl-13"/>
      </object_component>
      <object_component id="oc-361">
         <name>.text</name>
         <load_address>0xf69c</load_address>
         <run_address>0xf69c</run_address>
         <size>0x1b0</size>
         <input_file_ref idref="fl-d"/>
      </object_component>
      <object_component id="oc-228">
         <name>.text</name>
         <load_address>0xf84c</load_address>
         <run_address>0xf84c</run_address>
         <size>0x190</size>
         <input_file_ref idref="fl-dd"/>
      </object_component>
      <object_component id="oc-55">
         <name>.text</name>
         <load_address>0xf9dc</load_address>
         <run_address>0xf9dc</run_address>
         <size>0x180</size>
         <input_file_ref idref="fl-e0"/>
      </object_component>
      <object_component id="oc-232">
         <name>.text:floor</name>
         <load_address>0xfb5c</load_address>
         <run_address>0xfb5c</run_address>
         <size>0x158</size>
         <input_file_ref idref="fl-da"/>
      </object_component>
      <object_component id="oc-255">
         <name>.text</name>
         <load_address>0xfcb4</load_address>
         <run_address>0xfcb4</run_address>
         <size>0x158</size>
         <input_file_ref idref="fl-10"/>
      </object_component>
      <object_component id="oc-ec">
         <name>.text</name>
         <load_address>0xfe0c</load_address>
         <run_address>0xfe0c</run_address>
         <size>0x150</size>
         <input_file_ref idref="fl-12"/>
      </object_component>
      <object_component id="oc-91">
         <name>.text</name>
         <load_address>0xff5c</load_address>
         <run_address>0xff5c</run_address>
         <size>0x130</size>
         <input_file_ref idref="fl-16"/>
      </object_component>
      <object_component id="oc-243">
         <name>.text</name>
         <load_address>0x1008c</load_address>
         <run_address>0x1008c</run_address>
         <size>0x128</size>
         <input_file_ref idref="fl-de"/>
      </object_component>
      <object_component id="oc-24">
         <name>.text:retain</name>
         <load_address>0x101b4</load_address>
         <run_address>0x101b4</run_address>
         <size>0xec</size>
         <input_file_ref idref="fl-4"/>
      </object_component>
      <object_component id="oc-b1">
         <name>.text</name>
         <load_address>0x102a0</load_address>
         <run_address>0x102a0</run_address>
         <size>0xe8</size>
         <input_file_ref idref="fl-2"/>
      </object_component>
      <object_component id="oc-32c">
         <name>.text:__aeabi_cdrcmple</name>
         <load_address>0x10388</load_address>
         <run_address>0x10388</run_address>
         <size>0xe0</size>
         <input_file_ref idref="fl-dc"/>
      </object_component>
      <object_component id="oc-f4">
         <name>.text</name>
         <load_address>0x10468</load_address>
         <run_address>0x10468</run_address>
         <size>0xe0</size>
         <input_file_ref idref="fl-1a"/>
      </object_component>
      <object_component id="oc-99">
         <name>.text</name>
         <load_address>0x10548</load_address>
         <run_address>0x10548</run_address>
         <size>0xc0</size>
         <input_file_ref idref="fl-7"/>
      </object_component>
      <object_component id="oc-de">
         <name>.text</name>
         <load_address>0x10608</load_address>
         <run_address>0x10608</run_address>
         <size>0xb0</size>
         <input_file_ref idref="fl-e2"/>
      </object_component>
      <object_component id="oc-11">
         <name>.text:decompress:lzss:__TI_decompress_lzss</name>
         <load_address>0x106b8</load_address>
         <run_address>0x106b8</run_address>
         <size>0x90</size>
         <input_file_ref idref="fl-e8"/>
      </object_component>
      <object_component id="oc-102">
         <name>.text:__TI_auto_init_nobinit_nopinit:__TI_auto_init_nobinit_nopinit</name>
         <load_address>0x10748</load_address>
         <run_address>0x10748</run_address>
         <size>0x68</size>
         <input_file_ref idref="fl-e4"/>
      </object_component>
      <object_component id="oc-161">
         <name>.text</name>
         <load_address>0x107b0</load_address>
         <run_address>0x107b0</run_address>
         <size>0x5c</size>
         <input_file_ref idref="fl-1f"/>
      </object_component>
      <object_component id="oc-238">
         <name>.text</name>
         <load_address>0x1080c</load_address>
         <run_address>0x1080c</run_address>
         <size>0x58</size>
         <input_file_ref idref="fl-df"/>
      </object_component>
      <object_component id="oc-23e">
         <name>.text</name>
         <load_address>0x10864</load_address>
         <run_address>0x10864</run_address>
         <size>0x50</size>
         <input_file_ref idref="fl-e3"/>
      </object_component>
      <object_component id="oc-2c8">
         <name>.text:strncat</name>
         <load_address>0x108b4</load_address>
         <run_address>0x108b4</run_address>
         <size>0x4c</size>
         <input_file_ref idref="fl-ed"/>
      </object_component>
      <object_component id="oc-223">
         <name>.text</name>
         <load_address>0x10900</load_address>
         <run_address>0x10900</run_address>
         <size>0x34</size>
         <input_file_ref idref="fl-e1"/>
      </object_component>
      <object_component id="oc-2c2">
         <name>.text:strncmp</name>
         <load_address>0x10934</load_address>
         <run_address>0x10934</run_address>
         <size>0x34</size>
         <input_file_ref idref="fl-ee"/>
      </object_component>
      <object_component id="oc-2d4">
         <name>.text:strcat</name>
         <load_address>0x10968</load_address>
         <run_address>0x10968</run_address>
         <size>0x28</size>
         <input_file_ref idref="fl-eb"/>
      </object_component>
      <object_component id="oc-291">
         <name>.text:strlen</name>
         <load_address>0x10990</load_address>
         <run_address>0x10990</run_address>
         <size>0x20</size>
         <input_file_ref idref="fl-ec"/>
      </object_component>
      <object_component id="oc-17">
         <name>.text:decompress:none:__TI_decompress_none</name>
         <load_address>0x109b0</load_address>
         <run_address>0x109b0</run_address>
         <size>0x14</size>
         <input_file_ref idref="fl-e7"/>
      </object_component>
      <object_component id="oc-67">
         <name>.text:decompress:ZI:__TI_zero_init</name>
         <load_address>0x109c4</load_address>
         <run_address>0x109c4</run_address>
         <size>0x10</size>
         <input_file_ref idref="fl-e6"/>
      </object_component>
      <object_component id="oc-37f">
         <name>.text:__aeabi_errno_addr</name>
         <load_address>0x109d4</load_address>
         <run_address>0x109d4</run_address>
         <size>0xc</size>
         <input_file_ref idref="fl-f0"/>
      </object_component>
      <object_component id="oc-175">
         <name>.text:abort:abort</name>
         <load_address>0x109e0</load_address>
         <run_address>0x109e0</run_address>
         <size>0x8</size>
         <input_file_ref idref="fl-e9"/>
      </object_component>
      <object_component id="oc-38">
         <name>.text:retain</name>
         <load_address>0x109e8</load_address>
         <run_address>0x109e8</run_address>
         <size>0x4</size>
         <input_file_ref idref="fl-19"/>
      </object_component>
      <object_component id="oc-339">
         <name>.text</name>
         <load_address>0x109ec</load_address>
         <run_address>0x109ec</run_address>
         <size>0x4</size>
         <input_file_ref idref="fl-f1"/>
      </object_component>
      <object_component id="oc-78">
         <name>.text</name>
         <load_address>0x109f0</load_address>
         <run_address>0x109f0</run_address>
         <size>0x4</size>
         <input_file_ref idref="fl-1c"/>
      </object_component>
      <object_component id="oc-248">
         <name>.const:het1PROGRAM</name>
         <load_address>0x109f4</load_address>
         <run_address>0x109f4</run_address>
         <size>0x3a0</size>
         <input_file_ref idref="fl-6"/>
      </object_component>
      <object_component id="oc-2a">
         <name>.const:s_vim_init</name>
         <load_address>0x10d94</load_address>
         <run_address>0x10d94</run_address>
         <size>0x180</size>
         <input_file_ref idref="fl-1d"/>
      </object_component>
      <object_component id="oc-385">
         <name>.const:.string:_ctypes_</name>
         <load_address>0x10f14</load_address>
         <run_address>0x10f14</run_address>
         <size>0x101</size>
         <input_file_ref idref="fl-f2"/>
      </object_component>
      <object_component id="oc-2dd">
         <name>.const:.string:$P$T1$2</name>
         <load_address>0x11015</load_address>
         <run_address>0x11015</run_address>
         <size>0x32</size>
         <input_file_ref idref="fl-20"/>
      </object_component>
      <object_component id="oc-2da">
         <name>.const:.string:$P$T0$1</name>
         <load_address>0x11047</load_address>
         <run_address>0x11047</run_address>
         <size>0x28</size>
         <input_file_ref idref="fl-20"/>
      </object_component>
      <object_component id="oc-24b">
         <name>.const:s_het1pwmPolarity</name>
         <load_address>0x11070</load_address>
         <run_address>0x11070</run_address>
         <size>0x20</size>
         <input_file_ref idref="fl-6"/>
      </object_component>
      <object_component id="oc-2e0">
         <name>.const:.string:$P$T2$3</name>
         <load_address>0x11090</load_address>
         <run_address>0x11090</run_address>
         <size>0x3</size>
         <input_file_ref idref="fl-20"/>
      </object_component>
      <object_component id="oc-183">
         <name>.kernelBSS:init</name>
         <load_address>0x8000920</load_address>
         <run_address>0x8000920</run_address>
         <size>0x34</size>
         <input_file_ref idref="fl-10"/>
      </object_component>
      <object_component id="oc-28e">
         <name>.kernelBSS:uninit</name>
         <load_address>0x8000800</load_address>
         <run_address>0x8000800</run_address>
         <size>0x120</size>
         <input_file_ref idref="fl-10"/>
      </object_component>
      <object_component id="oc-3ca">
         <name>.kernelHEAP</name>
         <uninitialized>true</uninitialized>
         <run_address>0x8001000</run_address>
         <size>0x2000</size>
         <input_file_ref idref="fl-a"/>
      </object_component>
      <object_component id="oc-35a">
         <name>.bss:xStart</name>
         <uninitialized>true</uninitialized>
         <run_address>0x8003014</run_address>
         <size>0x8</size>
         <input_file_ref idref="fl-a"/>
      </object_component>
      <object_component id="oc-ad">
         <name>.bss:g_sciTransfer_t</name>
         <uninitialized>true</uninitialized>
         <run_address>0x8003000</run_address>
         <size>0x14</size>
         <input_file_ref idref="fl-13"/>
      </object_component>
      <object_component id="oc-156">
         <name>.common:xUARTData</name>
         <uninitialized>true</uninitialized>
         <run_address>0x800302c</run_address>
         <size>0x4</size>
      </object_component>
      <object_component id="oc-160">
         <name>.common:xTaskUARTRx</name>
         <uninitialized>true</uninitialized>
         <run_address>0x8003024</run_address>
         <size>0x4</size>
      </object_component>
      <object_component id="oc-167">
         <name>.common:xTaskUARTTx</name>
         <uninitialized>true</uninitialized>
         <run_address>0x8003028</run_address>
         <size>0x4</size>
      </object_component>
      <object_component id="oc-16e">
         <name>.common:UART_data</name>
         <uninitialized>true</uninitialized>
         <run_address>0x800301c</run_address>
         <size>0x8</size>
      </object_component>
      <object_component id="oc-357">
         <name>.data</name>
         <load_address>0x8003030</load_address>
         <run_address>0x8003030</run_address>
         <size>0x10</size>
         <input_file_ref idref="fl-a"/>
      </object_component>
      <object_component id="oc-186">
         <name>.data</name>
         <load_address>0x8003040</load_address>
         <run_address>0x8003040</run_address>
         <size>0x8</size>
         <input_file_ref idref="fl-d"/>
      </object_component>
      <object_component id="oc-15d">
         <name>.data</name>
         <load_address>0x8003048</load_address>
         <run_address>0x8003048</run_address>
         <size>0x8</size>
         <input_file_ref idref="fl-16"/>
      </object_component>
      <object_component id="oc-3e4">
         <name>.data</name>
         <load_address>0x8003050</load_address>
         <run_address>0x8003050</run_address>
         <size>0x4</size>
         <input_file_ref idref="fl-f0"/>
      </object_component>
      <object_component id="oc-b3">
         <name>.debug_info</name>
         <load_address>0x0</load_address>
         <run_address>0x0</run_address>
         <size>0xff</size>
         <input_file_ref idref="fl-2"/>
      </object_component>
      <object_component id="oc-1c7">
         <name>.debug_info</name>
         <load_address>0xff</load_address>
         <run_address>0xff</run_address>
         <size>0x190</size>
         <input_file_ref idref="fl-3"/>
      </object_component>
      <object_component id="oc-73">
         <name>.debug_info</name>
         <load_address>0x28f</load_address>
         <run_address>0x28f</run_address>
         <size>0x63f</size>
         <input_file_ref idref="fl-3"/>
      </object_component>
      <object_component id="oc-50">
         <name>.debug_info</name>
         <load_address>0x8ce</load_address>
         <run_address>0x8ce</run_address>
         <size>0x84</size>
         <input_file_ref idref="fl-3"/>
      </object_component>
      <object_component id="oc-e6">
         <name>.debug_info</name>
         <load_address>0x952</load_address>
         <run_address>0x952</run_address>
         <size>0x9e7</size>
         <input_file_ref idref="fl-3"/>
      </object_component>
      <object_component id="oc-101">
         <name>.debug_info</name>
         <load_address>0x1339</load_address>
         <run_address>0x1339</run_address>
         <size>0x1e8</size>
         <input_file_ref idref="fl-4"/>
      </object_component>
      <object_component id="oc-8d">
         <name>.debug_info</name>
         <load_address>0x1521</load_address>
         <run_address>0x1521</run_address>
         <size>0xb2b</size>
         <input_file_ref idref="fl-4"/>
      </object_component>
      <object_component id="oc-27">
         <name>.debug_info</name>
         <load_address>0x204c</load_address>
         <run_address>0x204c</run_address>
         <size>0x18b</size>
         <input_file_ref idref="fl-4"/>
      </object_component>
      <object_component id="oc-18c">
         <name>.debug_info</name>
         <load_address>0x21d7</load_address>
         <run_address>0x21d7</run_address>
         <size>0x26b</size>
         <input_file_ref idref="fl-4"/>
      </object_component>
      <object_component id="oc-a0">
         <name>.debug_info</name>
         <load_address>0x2442</load_address>
         <run_address>0x2442</run_address>
         <size>0x157</size>
         <input_file_ref idref="fl-4"/>
      </object_component>
      <object_component id="oc-bf">
         <name>.debug_info</name>
         <load_address>0x2599</load_address>
         <run_address>0x2599</run_address>
         <size>0x8b</size>
         <input_file_ref idref="fl-4"/>
      </object_component>
      <object_component id="oc-ba">
         <name>.debug_info</name>
         <load_address>0x2624</load_address>
         <run_address>0x2624</run_address>
         <size>0x18c</size>
         <input_file_ref idref="fl-4"/>
      </object_component>
      <object_component id="oc-2e4">
         <name>.debug_info</name>
         <load_address>0x27b0</load_address>
         <run_address>0x27b0</run_address>
         <size>0x2a4</size>
         <input_file_ref idref="fl-4"/>
      </object_component>
      <object_component id="oc-170">
         <name>.debug_info</name>
         <load_address>0x2a54</load_address>
         <run_address>0x2a54</run_address>
         <size>0xbb</size>
         <input_file_ref idref="fl-4"/>
      </object_component>
      <object_component id="oc-c4">
         <name>.debug_info</name>
         <load_address>0x2b0f</load_address>
         <run_address>0x2b0f</run_address>
         <size>0x86</size>
         <input_file_ref idref="fl-4"/>
      </object_component>
      <object_component id="oc-191">
         <name>.debug_info</name>
         <load_address>0x2b95</load_address>
         <run_address>0x2b95</run_address>
         <size>0x1de</size>
         <input_file_ref idref="fl-4"/>
      </object_component>
      <object_component id="oc-fc">
         <name>.debug_info</name>
         <load_address>0x2d73</load_address>
         <run_address>0x2d73</run_address>
         <size>0x129</size>
         <input_file_ref idref="fl-4"/>
      </object_component>
      <object_component id="oc-1aa">
         <name>.debug_info</name>
         <load_address>0x2e9c</load_address>
         <run_address>0x2e9c</run_address>
         <size>0x2cf</size>
         <input_file_ref idref="fl-4"/>
      </object_component>
      <object_component id="oc-222">
         <name>.debug_info</name>
         <load_address>0x316b</load_address>
         <run_address>0x316b</run_address>
         <size>0x16b</size>
         <input_file_ref idref="fl-5"/>
      </object_component>
      <object_component id="oc-133">
         <name>.debug_info</name>
         <load_address>0x32d6</load_address>
         <run_address>0x32d6</run_address>
         <size>0x6d8</size>
         <input_file_ref idref="fl-5"/>
      </object_component>
      <object_component id="oc-19b">
         <name>.debug_info</name>
         <load_address>0x39ae</load_address>
         <run_address>0x39ae</run_address>
         <size>0x1f9</size>
         <input_file_ref idref="fl-5"/>
      </object_component>
      <object_component id="oc-324">
         <name>.debug_info</name>
         <load_address>0x3ba7</load_address>
         <run_address>0x3ba7</run_address>
         <size>0xda</size>
         <input_file_ref idref="fl-5"/>
      </object_component>
      <object_component id="oc-24f">
         <name>.debug_info</name>
         <load_address>0x3c81</load_address>
         <run_address>0x3c81</run_address>
         <size>0x1c7</size>
         <input_file_ref idref="fl-6"/>
      </object_component>
      <object_component id="oc-24c">
         <name>.debug_info</name>
         <load_address>0x3e48</load_address>
         <run_address>0x3e48</run_address>
         <size>0xee</size>
         <input_file_ref idref="fl-6"/>
      </object_component>
      <object_component id="oc-249">
         <name>.debug_info</name>
         <load_address>0x3f36</load_address>
         <run_address>0x3f36</run_address>
         <size>0xe2</size>
         <input_file_ref idref="fl-6"/>
      </object_component>
      <object_component id="oc-13f">
         <name>.debug_info</name>
         <load_address>0x4018</load_address>
         <run_address>0x4018</run_address>
         <size>0xe9c</size>
         <input_file_ref idref="fl-6"/>
      </object_component>
      <object_component id="oc-1bf">
         <name>.debug_info</name>
         <load_address>0x4eb4</load_address>
         <run_address>0x4eb4</run_address>
         <size>0x2c</size>
         <input_file_ref idref="fl-6"/>
      </object_component>
      <object_component id="oc-1db">
         <name>.debug_info</name>
         <load_address>0x4ee0</load_address>
         <run_address>0x4ee0</run_address>
         <size>0x35</size>
         <input_file_ref idref="fl-6"/>
      </object_component>
      <object_component id="oc-1ea">
         <name>.debug_info</name>
         <load_address>0x4f15</load_address>
         <run_address>0x4f15</run_address>
         <size>0x3d3</size>
         <input_file_ref idref="fl-6"/>
      </object_component>
      <object_component id="oc-250">
         <name>.debug_info</name>
         <load_address>0x52e8</load_address>
         <run_address>0x52e8</run_address>
         <size>0x2e3</size>
         <input_file_ref idref="fl-6"/>
      </object_component>
      <object_component id="oc-182">
         <name>.debug_info</name>
         <load_address>0x55cb</load_address>
         <run_address>0x55cb</run_address>
         <size>0x325</size>
         <input_file_ref idref="fl-7"/>
      </object_component>
      <object_component id="oc-9a">
         <name>.debug_info</name>
         <load_address>0x58f0</load_address>
         <run_address>0x58f0</run_address>
         <size>0x8b1</size>
         <input_file_ref idref="fl-7"/>
      </object_component>
      <object_component id="oc-1cc">
         <name>.debug_info</name>
         <load_address>0x61a1</load_address>
         <run_address>0x61a1</run_address>
         <size>0x791</size>
         <input_file_ref idref="fl-7"/>
      </object_component>
      <object_component id="oc-1d1">
         <name>.debug_info</name>
         <load_address>0x6932</load_address>
         <run_address>0x6932</run_address>
         <size>0x4de</size>
         <input_file_ref idref="fl-7"/>
      </object_component>
      <object_component id="oc-1d6">
         <name>.debug_info</name>
         <load_address>0x6e10</load_address>
         <run_address>0x6e10</run_address>
         <size>0x3ce</size>
         <input_file_ref idref="fl-7"/>
      </object_component>
      <object_component id="oc-1e0">
         <name>.debug_info</name>
         <load_address>0x71de</load_address>
         <run_address>0x71de</run_address>
         <size>0x437</size>
         <input_file_ref idref="fl-7"/>
      </object_component>
      <object_component id="oc-20b">
         <name>.debug_info</name>
         <load_address>0x7615</load_address>
         <run_address>0x7615</run_address>
         <size>0x37b</size>
         <input_file_ref idref="fl-7"/>
      </object_component>
      <object_component id="oc-1e5">
         <name>.debug_info</name>
         <load_address>0x7990</load_address>
         <run_address>0x7990</run_address>
         <size>0x1ca</size>
         <input_file_ref idref="fl-7"/>
      </object_component>
      <object_component id="oc-196">
         <name>.debug_info</name>
         <load_address>0x7b5a</load_address>
         <run_address>0x7b5a</run_address>
         <size>0x435</size>
         <input_file_ref idref="fl-7"/>
      </object_component>
      <object_component id="oc-1fe">
         <name>.debug_info</name>
         <load_address>0x7f8f</load_address>
         <run_address>0x7f8f</run_address>
         <size>0x510</size>
         <input_file_ref idref="fl-7"/>
      </object_component>
      <object_component id="oc-1f4">
         <name>.debug_info</name>
         <load_address>0x849f</load_address>
         <run_address>0x849f</run_address>
         <size>0x1de</size>
         <input_file_ref idref="fl-7"/>
      </object_component>
      <object_component id="oc-2a2">
         <name>.debug_info</name>
         <load_address>0x867d</load_address>
         <run_address>0x867d</run_address>
         <size>0x243</size>
         <input_file_ref idref="fl-7"/>
      </object_component>
      <object_component id="oc-300">
         <name>.debug_info</name>
         <load_address>0x88c0</load_address>
         <run_address>0x88c0</run_address>
         <size>0x18e</size>
         <input_file_ref idref="fl-7"/>
      </object_component>
      <object_component id="oc-203">
         <name>.debug_info</name>
         <load_address>0x8a4e</load_address>
         <run_address>0x8a4e</run_address>
         <size>0x17a</size>
         <input_file_ref idref="fl-7"/>
      </object_component>
      <object_component id="oc-1a0">
         <name>.debug_info</name>
         <load_address>0x8bc8</load_address>
         <run_address>0x8bc8</run_address>
         <size>0x642</size>
         <input_file_ref idref="fl-7"/>
      </object_component>
      <object_component id="oc-1a5">
         <name>.debug_info</name>
         <load_address>0x920a</load_address>
         <run_address>0x920a</run_address>
         <size>0x13e</size>
         <input_file_ref idref="fl-7"/>
      </object_component>
      <object_component id="oc-349">
         <name>.debug_info</name>
         <load_address>0x9348</load_address>
         <run_address>0x9348</run_address>
         <size>0x1d7</size>
         <input_file_ref idref="fl-8"/>
      </object_component>
      <object_component id="oc-26d">
         <name>.debug_info</name>
         <load_address>0x951f</load_address>
         <run_address>0x951f</run_address>
         <size>0x30c</size>
         <input_file_ref idref="fl-8"/>
      </object_component>
      <object_component id="oc-2ac">
         <name>.debug_info</name>
         <load_address>0x982b</load_address>
         <run_address>0x982b</run_address>
         <size>0x379</size>
         <input_file_ref idref="fl-8"/>
      </object_component>
      <object_component id="oc-262">
         <name>.debug_info</name>
         <load_address>0x9ba4</load_address>
         <run_address>0x9ba4</run_address>
         <size>0xe1</size>
         <input_file_ref idref="fl-8"/>
      </object_component>
      <object_component id="oc-3c5">
         <name>.debug_info</name>
         <load_address>0x9c85</load_address>
         <run_address>0x9c85</run_address>
         <size>0xcc</size>
         <input_file_ref idref="fl-8"/>
      </object_component>
      <object_component id="oc-267">
         <name>.debug_info</name>
         <load_address>0x9d51</load_address>
         <run_address>0x9d51</run_address>
         <size>0x2c</size>
         <input_file_ref idref="fl-8"/>
      </object_component>
      <object_component id="oc-2ba">
         <name>.debug_info</name>
         <load_address>0x9d7d</load_address>
         <run_address>0x9d7d</run_address>
         <size>0x53</size>
         <input_file_ref idref="fl-8"/>
      </object_component>
      <object_component id="oc-2a7">
         <name>.debug_info</name>
         <load_address>0x9dd0</load_address>
         <run_address>0x9dd0</run_address>
         <size>0x14c</size>
         <input_file_ref idref="fl-8"/>
      </object_component>
      <object_component id="oc-348">
         <name>.debug_info</name>
         <load_address>0x9f1c</load_address>
         <run_address>0x9f1c</run_address>
         <size>0x54e</size>
         <input_file_ref idref="fl-9"/>
      </object_component>
      <object_component id="oc-25c">
         <name>.debug_info</name>
         <load_address>0xa46a</load_address>
         <run_address>0xa46a</run_address>
         <size>0x147a</size>
         <input_file_ref idref="fl-9"/>
      </object_component>
      <object_component id="oc-29b">
         <name>.debug_info</name>
         <load_address>0xb8e4</load_address>
         <run_address>0xb8e4</run_address>
         <size>0x110</size>
         <input_file_ref idref="fl-9"/>
      </object_component>
      <object_component id="oc-277">
         <name>.debug_info</name>
         <load_address>0xb9f4</load_address>
         <run_address>0xb9f4</run_address>
         <size>0x39</size>
         <input_file_ref idref="fl-9"/>
      </object_component>
      <object_component id="oc-34c">
         <name>.debug_info</name>
         <load_address>0xba2d</load_address>
         <run_address>0xba2d</run_address>
         <size>0x46</size>
         <input_file_ref idref="fl-9"/>
      </object_component>
      <object_component id="oc-3be">
         <name>.debug_info</name>
         <load_address>0xba73</load_address>
         <run_address>0xba73</run_address>
         <size>0x62</size>
         <input_file_ref idref="fl-9"/>
      </object_component>
      <object_component id="oc-35e">
         <name>.debug_info</name>
         <load_address>0xbad5</load_address>
         <run_address>0xbad5</run_address>
         <size>0x2f6</size>
         <input_file_ref idref="fl-a"/>
      </object_component>
      <object_component id="oc-3cb">
         <name>.debug_info</name>
         <load_address>0xbdcb</load_address>
         <run_address>0xbdcb</run_address>
         <size>0xdc</size>
         <input_file_ref idref="fl-a"/>
      </object_component>
      <object_component id="oc-35b">
         <name>.debug_info</name>
         <load_address>0xbea7</load_address>
         <run_address>0xbea7</run_address>
         <size>0xdc</size>
         <input_file_ref idref="fl-a"/>
      </object_component>
      <object_component id="oc-358">
         <name>.debug_info</name>
         <load_address>0xbf83</load_address>
         <run_address>0xbf83</run_address>
         <size>0x190</size>
         <input_file_ref idref="fl-a"/>
      </object_component>
      <object_component id="oc-27e">
         <name>.debug_info</name>
         <load_address>0xc113</load_address>
         <run_address>0xc113</run_address>
         <size>0x539</size>
         <input_file_ref idref="fl-a"/>
      </object_component>
      <object_component id="oc-352">
         <name>.debug_info</name>
         <load_address>0xc64c</load_address>
         <run_address>0xc64c</run_address>
         <size>0x2b3</size>
         <input_file_ref idref="fl-a"/>
      </object_component>
      <object_component id="oc-3d2">
         <name>.debug_info</name>
         <load_address>0xc8ff</load_address>
         <run_address>0xc8ff</run_address>
         <size>0x62</size>
         <input_file_ref idref="fl-a"/>
      </object_component>
      <object_component id="oc-360">
         <name>.debug_info</name>
         <load_address>0xc961</load_address>
         <run_address>0xc961</run_address>
         <size>0x231</size>
         <input_file_ref idref="fl-b"/>
      </object_component>
      <object_component id="oc-283">
         <name>.debug_info</name>
         <load_address>0xcb92</load_address>
         <run_address>0xcb92</run_address>
         <size>0x4ba</size>
         <input_file_ref idref="fl-b"/>
      </object_component>
      <object_component id="oc-26c">
         <name>.debug_info</name>
         <load_address>0xd04c</load_address>
         <run_address>0xd04c</run_address>
         <size>0xcfd</size>
         <input_file_ref idref="fl-c"/>
      </object_component>
      <object_component id="oc-145">
         <name>.debug_info</name>
         <load_address>0xdd49</load_address>
         <run_address>0xdd49</run_address>
         <size>0x3b16</size>
         <input_file_ref idref="fl-c"/>
      </object_component>
      <object_component id="oc-272">
         <name>.debug_info</name>
         <load_address>0x1185f</load_address>
         <run_address>0x1185f</run_address>
         <size>0x46</size>
         <input_file_ref idref="fl-c"/>
      </object_component>
      <object_component id="oc-368">
         <name>.debug_info</name>
         <load_address>0x118a5</load_address>
         <run_address>0x118a5</run_address>
         <size>0x349</size>
         <input_file_ref idref="fl-d"/>
      </object_component>
      <object_component id="oc-187">
         <name>.debug_info</name>
         <load_address>0x11bee</load_address>
         <run_address>0x11bee</run_address>
         <size>0x12a</size>
         <input_file_ref idref="fl-d"/>
      </object_component>
      <object_component id="oc-28b">
         <name>.debug_info</name>
         <load_address>0x11d18</load_address>
         <run_address>0x11d18</run_address>
         <size>0x5bc</size>
         <input_file_ref idref="fl-d"/>
      </object_component>
      <object_component id="oc-362">
         <name>.debug_info</name>
         <load_address>0x122d4</load_address>
         <run_address>0x122d4</run_address>
         <size>0x362</size>
         <input_file_ref idref="fl-d"/>
      </object_component>
      <object_component id="oc-a8">
         <name>.debug_info</name>
         <load_address>0x12636</load_address>
         <run_address>0x12636</run_address>
         <size>0x4a5</size>
         <input_file_ref idref="fl-e"/>
      </object_component>
      <object_component id="oc-29a">
         <name>.debug_info</name>
         <load_address>0x12adb</load_address>
         <run_address>0x12adb</run_address>
         <size>0x5ae</size>
         <input_file_ref idref="fl-f"/>
      </object_component>
      <object_component id="oc-153">
         <name>.debug_info</name>
         <load_address>0x13089</load_address>
         <run_address>0x13089</run_address>
         <size>0x2438</size>
         <input_file_ref idref="fl-f"/>
      </object_component>
      <object_component id="oc-376">
         <name>.debug_info</name>
         <load_address>0x154c1</load_address>
         <run_address>0x154c1</run_address>
         <size>0x155</size>
         <input_file_ref idref="fl-f"/>
      </object_component>
      <object_component id="oc-298">
         <name>.debug_info</name>
         <load_address>0x15616</load_address>
         <run_address>0x15616</run_address>
         <size>0x725</size>
         <input_file_ref idref="fl-10"/>
      </object_component>
      <object_component id="oc-184">
         <name>.debug_info</name>
         <load_address>0x15d3b</load_address>
         <run_address>0x15d3b</run_address>
         <size>0x34d</size>
         <input_file_ref idref="fl-10"/>
      </object_component>
      <object_component id="oc-28f">
         <name>.debug_info</name>
         <load_address>0x16088</load_address>
         <run_address>0x16088</run_address>
         <size>0x279</size>
         <input_file_ref idref="fl-10"/>
      </object_component>
      <object_component id="oc-14b">
         <name>.debug_info</name>
         <load_address>0x16301</load_address>
         <run_address>0x16301</run_address>
         <size>0x4c0b</size>
         <input_file_ref idref="fl-10"/>
      </object_component>
      <object_component id="oc-257">
         <name>.debug_info</name>
         <load_address>0x1af0c</load_address>
         <run_address>0x1af0c</run_address>
         <size>0x409</size>
         <input_file_ref idref="fl-10"/>
      </object_component>
      <object_component id="oc-36f">
         <name>.debug_info</name>
         <load_address>0x1b315</load_address>
         <run_address>0x1b315</run_address>
         <size>0x146</size>
         <input_file_ref idref="fl-10"/>
      </object_component>
      <object_component id="oc-1c9">
         <name>.debug_info</name>
         <load_address>0x1b45b</load_address>
         <run_address>0x1b45b</run_address>
         <size>0x152</size>
         <input_file_ref idref="fl-12"/>
      </object_component>
      <object_component id="oc-ed">
         <name>.debug_info</name>
         <load_address>0x1b5ad</load_address>
         <run_address>0x1b5ad</run_address>
         <size>0x1e5</size>
         <input_file_ref idref="fl-12"/>
      </object_component>
      <object_component id="oc-1ef">
         <name>.debug_info</name>
         <load_address>0x1b792</load_address>
         <run_address>0x1b792</run_address>
         <size>0x1d8</size>
         <input_file_ref idref="fl-12"/>
      </object_component>
      <object_component id="oc-309">
         <name>.debug_info</name>
         <load_address>0x1b96a</load_address>
         <run_address>0x1b96a</run_address>
         <size>0xc6</size>
         <input_file_ref idref="fl-12"/>
      </object_component>
      <object_component id="oc-1b6">
         <name>.debug_info</name>
         <load_address>0x1ba30</load_address>
         <run_address>0x1ba30</run_address>
         <size>0x1df</size>
         <input_file_ref idref="fl-13"/>
      </object_component>
      <object_component id="oc-ae">
         <name>.debug_info</name>
         <load_address>0x1bc0f</load_address>
         <run_address>0x1bc0f</run_address>
         <size>0xea</size>
         <input_file_ref idref="fl-13"/>
      </object_component>
      <object_component id="oc-139">
         <name>.debug_info</name>
         <load_address>0x1bcf9</load_address>
         <run_address>0x1bcf9</run_address>
         <size>0xc3c</size>
         <input_file_ref idref="fl-13"/>
      </object_component>
      <object_component id="oc-2e">
         <name>.debug_info</name>
         <load_address>0x1c935</load_address>
         <run_address>0x1c935</run_address>
         <size>0x23b</size>
         <input_file_ref idref="fl-13"/>
      </object_component>
      <object_component id="oc-2fb">
         <name>.debug_info</name>
         <load_address>0x1cb70</load_address>
         <run_address>0x1cb70</run_address>
         <size>0x91</size>
         <input_file_ref idref="fl-13"/>
      </object_component>
      <object_component id="oc-6e">
         <name>.debug_info</name>
         <load_address>0x1cc01</load_address>
         <run_address>0x1cc01</run_address>
         <size>0x780</size>
         <input_file_ref idref="fl-14"/>
      </object_component>
      <object_component id="oc-34">
         <name>.debug_info</name>
         <load_address>0x1d381</load_address>
         <run_address>0x1d381</run_address>
         <size>0x107</size>
         <input_file_ref idref="fl-15"/>
      </object_component>
      <object_component id="oc-157">
         <name>.debug_info</name>
         <load_address>0x1d488</load_address>
         <run_address>0x1d488</run_address>
         <size>0x57e</size>
         <input_file_ref idref="fl-16"/>
      </object_component>
      <object_component id="oc-15e">
         <name>.debug_info</name>
         <load_address>0x1da06</load_address>
         <run_address>0x1da06</run_address>
         <size>0x107</size>
         <input_file_ref idref="fl-16"/>
      </object_component>
      <object_component id="oc-92">
         <name>.debug_info</name>
         <load_address>0x1db0d</load_address>
         <run_address>0x1db0d</run_address>
         <size>0x32c</size>
         <input_file_ref idref="fl-16"/>
      </object_component>
      <object_component id="oc-2b3">
         <name>.debug_info</name>
         <load_address>0x1de39</load_address>
         <run_address>0x1de39</run_address>
         <size>0x2c</size>
         <input_file_ref idref="fl-16"/>
      </object_component>
      <object_component id="oc-30e">
         <name>.debug_info</name>
         <load_address>0x1de65</load_address>
         <run_address>0x1de65</run_address>
         <size>0x171</size>
         <input_file_ref idref="fl-18"/>
      </object_component>
      <object_component id="oc-3a2">
         <name>.debug_info</name>
         <load_address>0x1dfd6</load_address>
         <run_address>0x1dfd6</run_address>
         <size>0x242</size>
         <input_file_ref idref="fl-18"/>
      </object_component>
      <object_component id="oc-1f9">
         <name>.debug_info</name>
         <load_address>0x1e218</load_address>
         <run_address>0x1e218</run_address>
         <size>0x2af</size>
         <input_file_ref idref="fl-18"/>
      </object_component>
      <object_component id="oc-3b">
         <name>.debug_info</name>
         <load_address>0x1e4c7</load_address>
         <run_address>0x1e4c7</run_address>
         <size>0x13c</size>
         <input_file_ref idref="fl-19"/>
      </object_component>
      <object_component id="oc-f6">
         <name>.debug_info</name>
         <load_address>0x1e603</load_address>
         <run_address>0x1e603</run_address>
         <size>0x366</size>
         <input_file_ref idref="fl-1a"/>
      </object_component>
      <object_component id="oc-fa">
         <name>.debug_info</name>
         <load_address>0x1e969</load_address>
         <run_address>0x1e969</run_address>
         <size>0x539</size>
         <input_file_ref idref="fl-1b"/>
      </object_component>
      <object_component id="oc-85">
         <name>.debug_info</name>
         <load_address>0x1eea2</load_address>
         <run_address>0x1eea2</run_address>
         <size>0x2801</size>
         <input_file_ref idref="fl-1b"/>
      </object_component>
      <object_component id="oc-1f">
         <name>.debug_info</name>
         <load_address>0x216a3</load_address>
         <run_address>0x216a3</run_address>
         <size>0x523</size>
         <input_file_ref idref="fl-1c"/>
      </object_component>
      <object_component id="oc-79">
         <name>.debug_info</name>
         <load_address>0x21bc6</load_address>
         <run_address>0x21bc6</run_address>
         <size>0x135</size>
         <input_file_ref idref="fl-1c"/>
      </object_component>
      <object_component id="oc-ac">
         <name>.debug_info</name>
         <load_address>0x21cfb</load_address>
         <run_address>0x21cfb</run_address>
         <size>0x39d</size>
         <input_file_ref idref="fl-1d"/>
      </object_component>
      <object_component id="oc-2b">
         <name>.debug_info</name>
         <load_address>0x22098</load_address>
         <run_address>0x22098</run_address>
         <size>0xe4</size>
         <input_file_ref idref="fl-1d"/>
      </object_component>
      <object_component id="oc-43">
         <name>.debug_info</name>
         <load_address>0x2217c</load_address>
         <run_address>0x2217c</run_address>
         <size>0x476</size>
         <input_file_ref idref="fl-1d"/>
      </object_component>
      <object_component id="oc-3f">
         <name>.debug_info</name>
         <load_address>0x225f2</load_address>
         <run_address>0x225f2</run_address>
         <size>0x1ff</size>
         <input_file_ref idref="fl-1d"/>
      </object_component>
      <object_component id="oc-1af">
         <name>.debug_info</name>
         <load_address>0x227f1</load_address>
         <run_address>0x227f1</run_address>
         <size>0x4f</size>
         <input_file_ref idref="fl-1d"/>
      </object_component>
      <object_component id="oc-f3">
         <name>.debug_info</name>
         <load_address>0x22840</load_address>
         <run_address>0x22840</run_address>
         <size>0x3e5</size>
         <input_file_ref idref="fl-1e"/>
      </object_component>
      <object_component id="oc-7f">
         <name>.debug_info</name>
         <load_address>0x22c25</load_address>
         <run_address>0x22c25</run_address>
         <size>0x7d9</size>
         <input_file_ref idref="fl-1e"/>
      </object_component>
      <object_component id="oc-159">
         <name>.debug_info</name>
         <load_address>0x233fe</load_address>
         <run_address>0x233fe</run_address>
         <size>0x451</size>
         <input_file_ref idref="fl-1f"/>
      </object_component>
      <object_component id="oc-163">
         <name>.debug_info</name>
         <load_address>0x2384f</load_address>
         <run_address>0x2384f</run_address>
         <size>0x1ba</size>
         <input_file_ref idref="fl-1f"/>
      </object_component>
      <object_component id="oc-15b">
         <name>.debug_info</name>
         <load_address>0x23a09</load_address>
         <run_address>0x23a09</run_address>
         <size>0x5d5</size>
         <input_file_ref idref="fl-20"/>
      </object_component>
      <object_component id="oc-2db">
         <name>.debug_info</name>
         <load_address>0x23fde</load_address>
         <run_address>0x23fde</run_address>
         <size>0xe2</size>
         <input_file_ref idref="fl-20"/>
      </object_component>
      <object_component id="oc-2de">
         <name>.debug_info</name>
         <load_address>0x240c0</load_address>
         <run_address>0x240c0</run_address>
         <size>0xe2</size>
         <input_file_ref idref="fl-20"/>
      </object_component>
      <object_component id="oc-2e1">
         <name>.debug_info</name>
         <load_address>0x241a2</load_address>
         <run_address>0x241a2</run_address>
         <size>0xe2</size>
         <input_file_ref idref="fl-20"/>
      </object_component>
      <object_component id="oc-169">
         <name>.debug_info</name>
         <load_address>0x24284</load_address>
         <run_address>0x24284</run_address>
         <size>0x423</size>
         <input_file_ref idref="fl-20"/>
      </object_component>
      <object_component id="oc-337">
         <name>.debug_info</name>
         <load_address>0x246a7</load_address>
         <run_address>0x246a7</run_address>
         <size>0x125</size>
         <input_file_ref idref="fl-da"/>
      </object_component>
      <object_component id="oc-233">
         <name>.debug_info</name>
         <load_address>0x247cc</load_address>
         <run_address>0x247cc</run_address>
         <size>0x1f7</size>
         <input_file_ref idref="fl-da"/>
      </object_component>
      <object_component id="oc-3b4">
         <name>.debug_info</name>
         <load_address>0x249c3</load_address>
         <run_address>0x249c3</run_address>
         <size>0x46</size>
         <input_file_ref idref="fl-da"/>
      </object_component>
      <object_component id="oc-332">
         <name>.debug_info</name>
         <load_address>0x24a09</load_address>
         <run_address>0x24a09</run_address>
         <size>0x39</size>
         <input_file_ref idref="fl-da"/>
      </object_component>
      <object_component id="oc-22e">
         <name>.debug_info</name>
         <load_address>0x24a42</load_address>
         <run_address>0x24a42</run_address>
         <size>0x131</size>
         <input_file_ref idref="fl-db"/>
      </object_component>
      <object_component id="oc-32d">
         <name>.debug_info</name>
         <load_address>0x24b73</load_address>
         <run_address>0x24b73</run_address>
         <size>0xfa</size>
         <input_file_ref idref="fl-dc"/>
      </object_component>
      <object_component id="oc-22a">
         <name>.debug_info</name>
         <load_address>0x24c6d</load_address>
         <run_address>0x24c6d</run_address>
         <size>0x116</size>
         <input_file_ref idref="fl-dd"/>
      </object_component>
      <object_component id="oc-245">
         <name>.debug_info</name>
         <load_address>0x24d83</load_address>
         <run_address>0x24d83</run_address>
         <size>0x116</size>
         <input_file_ref idref="fl-de"/>
      </object_component>
      <object_component id="oc-23a">
         <name>.debug_info</name>
         <load_address>0x24e99</load_address>
         <run_address>0x24e99</run_address>
         <size>0x10f</size>
         <input_file_ref idref="fl-df"/>
      </object_component>
      <object_component id="oc-56">
         <name>.debug_info</name>
         <load_address>0x24fa8</load_address>
         <run_address>0x24fa8</run_address>
         <size>0x152</size>
         <input_file_ref idref="fl-e0"/>
      </object_component>
      <object_component id="oc-225">
         <name>.debug_info</name>
         <load_address>0x250fa</load_address>
         <run_address>0x250fa</run_address>
         <size>0xfb</size>
         <input_file_ref idref="fl-e1"/>
      </object_component>
      <object_component id="oc-e0">
         <name>.debug_info</name>
         <load_address>0x251f5</load_address>
         <run_address>0x251f5</run_address>
         <size>0x11a</size>
         <input_file_ref idref="fl-e2"/>
      </object_component>
      <object_component id="oc-241">
         <name>.debug_info</name>
         <load_address>0x2530f</load_address>
         <run_address>0x2530f</run_address>
         <size>0x11f</size>
         <input_file_ref idref="fl-e3"/>
      </object_component>
      <object_component id="oc-213">
         <name>.debug_info</name>
         <load_address>0x2542e</load_address>
         <run_address>0x2542e</run_address>
         <size>0x353</size>
         <input_file_ref idref="fl-e4"/>
      </object_component>
      <object_component id="oc-103">
         <name>.debug_info</name>
         <load_address>0x25781</load_address>
         <run_address>0x25781</run_address>
         <size>0x174</size>
         <input_file_ref idref="fl-e4"/>
      </object_component>
      <object_component id="oc-311">
         <name>.debug_info</name>
         <load_address>0x258f5</load_address>
         <run_address>0x258f5</run_address>
         <size>0x39</size>
         <input_file_ref idref="fl-e4"/>
      </object_component>
      <object_component id="oc-3a7">
         <name>.debug_info</name>
         <load_address>0x2592e</load_address>
         <run_address>0x2592e</run_address>
         <size>0x39</size>
         <input_file_ref idref="fl-e4"/>
      </object_component>
      <object_component id="oc-316">
         <name>.debug_info</name>
         <load_address>0x25967</load_address>
         <run_address>0x25967</run_address>
         <size>0x39</size>
         <input_file_ref idref="fl-e4"/>
      </object_component>
      <object_component id="oc-31b">
         <name>.debug_info</name>
         <load_address>0x259a0</load_address>
         <run_address>0x259a0</run_address>
         <size>0xcd</size>
         <input_file_ref idref="fl-e4"/>
      </object_component>
      <object_component id="oc-dd">
         <name>.debug_info</name>
         <load_address>0x25a6d</load_address>
         <run_address>0x25a6d</run_address>
         <size>0x16f</size>
         <input_file_ref idref="fl-e6"/>
      </object_component>
      <object_component id="oc-68">
         <name>.debug_info</name>
         <load_address>0x25bdc</load_address>
         <run_address>0x25bdc</run_address>
         <size>0x16e</size>
         <input_file_ref idref="fl-e6"/>
      </object_component>
      <object_component id="oc-d8">
         <name>.debug_info</name>
         <load_address>0x25d4a</load_address>
         <run_address>0x25d4a</run_address>
         <size>0x46</size>
         <input_file_ref idref="fl-e6"/>
      </object_component>
      <object_component id="oc-60">
         <name>.debug_info</name>
         <load_address>0x25d90</load_address>
         <run_address>0x25d90</run_address>
         <size>0x143</size>
         <input_file_ref idref="fl-e7"/>
      </object_component>
      <object_component id="oc-18">
         <name>.debug_info</name>
         <load_address>0x25ed3</load_address>
         <run_address>0x25ed3</run_address>
         <size>0x1a3</size>
         <input_file_ref idref="fl-e7"/>
      </object_component>
      <object_component id="oc-5b">
         <name>.debug_info</name>
         <load_address>0x26076</load_address>
         <run_address>0x26076</run_address>
         <size>0x46</size>
         <input_file_ref idref="fl-e7"/>
      </object_component>
      <object_component id="oc-d0">
         <name>.debug_info</name>
         <load_address>0x260bc</load_address>
         <run_address>0x260bc</run_address>
         <size>0x2c</size>
         <input_file_ref idref="fl-e7"/>
      </object_component>
      <object_component id="oc-ce">
         <name>.debug_info</name>
         <load_address>0x260e8</load_address>
         <run_address>0x260e8</run_address>
         <size>0x13e</size>
         <input_file_ref idref="fl-e8"/>
      </object_component>
      <object_component id="oc-14">
         <name>.debug_info</name>
         <load_address>0x26226</load_address>
         <run_address>0x26226</run_address>
         <size>0x21e</size>
         <input_file_ref idref="fl-e8"/>
      </object_component>
      <object_component id="oc-4b">
         <name>.debug_info</name>
         <load_address>0x26444</load_address>
         <run_address>0x26444</run_address>
         <size>0x60</size>
         <input_file_ref idref="fl-e8"/>
      </object_component>
      <object_component id="oc-1b8">
         <name>.debug_info</name>
         <load_address>0x264a4</load_address>
         <run_address>0x264a4</run_address>
         <size>0x46</size>
         <input_file_ref idref="fl-e8"/>
      </object_component>
      <object_component id="oc-c9">
         <name>.debug_info</name>
         <load_address>0x264ea</load_address>
         <run_address>0x264ea</run_address>
         <size>0x39</size>
         <input_file_ref idref="fl-e8"/>
      </object_component>
      <object_component id="oc-179">
         <name>.debug_info</name>
         <load_address>0x26523</load_address>
         <run_address>0x26523</run_address>
         <size>0xf0</size>
         <input_file_ref idref="fl-e9"/>
      </object_component>
      <object_component id="oc-38b">
         <name>.debug_info</name>
         <load_address>0x26613</load_address>
         <run_address>0x26613</run_address>
         <size>0x144</size>
         <input_file_ref idref="fl-eb"/>
      </object_component>
      <object_component id="oc-2d6">
         <name>.debug_info</name>
         <load_address>0x26757</load_address>
         <run_address>0x26757</run_address>
         <size>0x1d5</size>
         <input_file_ref idref="fl-eb"/>
      </object_component>
      <object_component id="oc-36c">
         <name>.debug_info</name>
         <load_address>0x2692c</load_address>
         <run_address>0x2692c</run_address>
         <size>0x12f</size>
         <input_file_ref idref="fl-ec"/>
      </object_component>
      <object_component id="oc-292">
         <name>.debug_info</name>
         <load_address>0x26a5b</load_address>
         <run_address>0x26a5b</run_address>
         <size>0x1b3</size>
         <input_file_ref idref="fl-ec"/>
      </object_component>
      <object_component id="oc-37e">
         <name>.debug_info</name>
         <load_address>0x26c0e</load_address>
         <run_address>0x26c0e</run_address>
         <size>0x145</size>
         <input_file_ref idref="fl-ed"/>
      </object_component>
      <object_component id="oc-2ca">
         <name>.debug_info</name>
         <load_address>0x26d53</load_address>
         <run_address>0x26d53</run_address>
         <size>0x1d6</size>
         <input_file_ref idref="fl-ed"/>
      </object_component>
      <object_component id="oc-37c">
         <name>.debug_info</name>
         <load_address>0x26f29</load_address>
         <run_address>0x26f29</run_address>
         <size>0x130</size>
         <input_file_ref idref="fl-ee"/>
      </object_component>
      <object_component id="oc-2c3">
         <name>.debug_info</name>
         <load_address>0x27059</load_address>
         <run_address>0x27059</run_address>
         <size>0x212</size>
         <input_file_ref idref="fl-ee"/>
      </object_component>
      <object_component id="oc-389">
         <name>.debug_info</name>
         <load_address>0x2726b</load_address>
         <run_address>0x2726b</run_address>
         <size>0x1c1</size>
         <input_file_ref idref="fl-ef"/>
      </object_component>
      <object_component id="oc-2cf">
         <name>.debug_info</name>
         <load_address>0x2742c</load_address>
         <run_address>0x2742c</run_address>
         <size>0x273</size>
         <input_file_ref idref="fl-ef"/>
      </object_component>
      <object_component id="oc-3e8">
         <name>.debug_info</name>
         <load_address>0x2769f</load_address>
         <run_address>0x2769f</run_address>
         <size>0x129</size>
         <input_file_ref idref="fl-f0"/>
      </object_component>
      <object_component id="oc-3e5">
         <name>.debug_info</name>
         <load_address>0x277c8</load_address>
         <run_address>0x277c8</run_address>
         <size>0xdc</size>
         <input_file_ref idref="fl-f0"/>
      </object_component>
      <object_component id="oc-383">
         <name>.debug_info</name>
         <load_address>0x278a4</load_address>
         <run_address>0x278a4</run_address>
         <size>0x11c</size>
         <input_file_ref idref="fl-f0"/>
      </object_component>
      <object_component id="oc-33a">
         <name>.debug_info</name>
         <load_address>0x279c0</load_address>
         <run_address>0x279c0</run_address>
         <size>0xe3</size>
         <input_file_ref idref="fl-f1"/>
      </object_component>
      <object_component id="oc-3eb">
         <name>.debug_info</name>
         <load_address>0x27aa3</load_address>
         <run_address>0x27aa3</run_address>
         <size>0xc7</size>
         <input_file_ref idref="fl-f2"/>
      </object_component>
      <object_component id="oc-386">
         <name>.debug_info</name>
         <load_address>0x27b6a</load_address>
         <run_address>0x27b6a</run_address>
         <size>0xd3</size>
         <input_file_ref idref="fl-f2"/>
      </object_component>
      <object_component id="oc-428">
         <name>.debug_info</name>
         <load_address>0x27c3d</load_address>
         <run_address>0x27c3d</run_address>
         <size>0xa6</size>
      </object_component>
      <object_component id="oc-b5">
         <name>.debug_line</name>
         <load_address>0x0</load_address>
         <run_address>0x0</run_address>
         <size>0x78</size>
         <input_file_ref idref="fl-2"/>
      </object_component>
      <object_component id="oc-306">
         <name>.debug_line</name>
         <load_address>0x78</load_address>
         <run_address>0x78</run_address>
         <size>0x20</size>
         <input_file_ref idref="fl-3"/>
      </object_component>
      <object_component id="oc-77">
         <name>.debug_line</name>
         <load_address>0x98</load_address>
         <run_address>0x98</run_address>
         <size>0x1ea</size>
         <input_file_ref idref="fl-3"/>
      </object_component>
      <object_component id="oc-53">
         <name>.debug_line</name>
         <load_address>0x282</load_address>
         <run_address>0x282</run_address>
         <size>0x20</size>
         <input_file_ref idref="fl-3"/>
      </object_component>
      <object_component id="oc-e9">
         <name>.debug_line</name>
         <load_address>0x2a2</load_address>
         <run_address>0x2a2</run_address>
         <size>0x76</size>
         <input_file_ref idref="fl-3"/>
      </object_component>
      <object_component id="oc-211">
         <name>.debug_line</name>
         <load_address>0x318</load_address>
         <run_address>0x318</run_address>
         <size>0x63</size>
         <input_file_ref idref="fl-4"/>
      </object_component>
      <object_component id="oc-8b">
         <name>.debug_line</name>
         <load_address>0x37b</load_address>
         <run_address>0x37b</run_address>
         <size>0x26b</size>
         <input_file_ref idref="fl-4"/>
      </object_component>
      <object_component id="oc-25">
         <name>.debug_line</name>
         <load_address>0x5e6</load_address>
         <run_address>0x5e6</run_address>
         <size>0x63</size>
         <input_file_ref idref="fl-4"/>
      </object_component>
      <object_component id="oc-18f">
         <name>.debug_line</name>
         <load_address>0x649</load_address>
         <run_address>0x649</run_address>
         <size>0x6f</size>
         <input_file_ref idref="fl-4"/>
      </object_component>
      <object_component id="oc-a3">
         <name>.debug_line</name>
         <load_address>0x6b8</load_address>
         <run_address>0x6b8</run_address>
         <size>0x6c</size>
         <input_file_ref idref="fl-4"/>
      </object_component>
      <object_component id="oc-c2">
         <name>.debug_line</name>
         <load_address>0x724</load_address>
         <run_address>0x724</run_address>
         <size>0x20</size>
         <input_file_ref idref="fl-4"/>
      </object_component>
      <object_component id="oc-bd">
         <name>.debug_line</name>
         <load_address>0x744</load_address>
         <run_address>0x744</run_address>
         <size>0x67</size>
         <input_file_ref idref="fl-4"/>
      </object_component>
      <object_component id="oc-2e7">
         <name>.debug_line</name>
         <load_address>0x7ab</load_address>
         <run_address>0x7ab</run_address>
         <size>0x73</size>
[...]
      </symbol>
      <symbol id="sm-854">
         <name>UART_data</name>
         <value>0x800301c</value>
      </symbol>
      <symbol id="sm-855">
         <name>sciNotification</name>
         <value>0x1003c</value>
         <object_component_ref idref="oc-91"/>
      </symbol>
      <symbol id="sm-856">
         <name>uart_semaphore</name>
         <value>0x8003048</value>
         <object_component_ref idref="oc-15d"/>
      </symbol>
      <symbol id="sm-857">
         <name>main</name>
         <value>0xff90</value>
         <object_component_ref idref="oc-91"/>
      </symbol>
      <symbol id="sm-858">
         <name>delay</name>
         <value>0xff5c</value>
         <object_component_ref idref="oc-91"/>
      </symbol>
      <symbol id="sm-859">
         <name>time</name>
         <value>0x800304c</value>
         <object_component_ref idref="oc-15d"/>
      </symbol>
      <symbol id="sm-872">
         <name>phantomInterrupt</name>
         <value>0x109e8</value>
         <object_component_ref idref="oc-38"/>
      </symbol>
      <symbol id="sm-87b">
         <name>_pmuResetCounters_</name>
         <value>0x104f4</value>
         <object_component_ref idref="oc-f4"/>
      </symbol>
      <symbol id="sm-87c">
         <name>_pmuGetEventCount_</name>
         <value>0x10528</value>
         <object_component_ref idref="oc-f4"/>
      </symbol>
      <symbol id="sm-87d">
         <name>_pmuResetEventCounters_</name>
         <value>0x104e4</value>
         <object_component_ref idref="oc-f4"/>
      </symbol>
      <symbol id="sm-87e">
         <name>_pmuStopCounters_</name>
         <value>0x1050c</value>
         <object_component_ref idref="oc-f4"/>
      </symbol>
      <symbol id="sm-87f">
         <name>_pmuInit_</name>
         <value>0x10468</value>
         <object_component_ref idref="oc-f4"/>
      </symbol>
      <symbol id="sm-880">
         <name>_pmuGetOverflow_</name>
         <value>0x10534</value>
         <object_component_ref idref="oc-f4"/>
      </symbol>
      <symbol id="sm-881">
         <name>_pmuResetCycleCounter_</name>
         <value>0x104d4</value>
         <object_component_ref idref="oc-f4"/>
      </symbol>
      <symbol id="sm-882">
         <name>_pmuSetCountEvent_</name>
         <value>0x10514</value>
         <object_component_ref idref="oc-f4"/>
      </symbol>
      <symbol id="sm-883">
         <name>_pmuGetCycleCount_</name>
         <value>0x10520</value>
         <object_component_ref idref="oc-f4"/>
      </symbol>
      <symbol id="sm-884">
         <name>_pmuEnableCountersGlobal_</name>
         <value>0x104b4</value>
         <object_component_ref idref="oc-f4"/>
      </symbol>
      <symbol id="sm-885">
         <name>_pmuDisableCountersGlobal_</name>
         <value>0x104c4</value>
         <object_component_ref idref="oc-f4"/>
      </symbol>
      <symbol id="sm-886">
         <name>_pmuStartCounters_</name>
         <value>0x10504</value>
         <object_component_ref idref="oc-f4"/>
      </symbol>
      <symbol id="sm-9ea">
         <name>pbistSelfCheck</name>
         <value>0x82cc</value>
         <object_component_ref idref="oc-84"/>
      </symbol>
      <symbol id="sm-9eb">
         <name>fmcBus1ParityCheck</name>
         <value>0x9c00</value>
         <object_component_ref idref="oc-84"/>
      </symbol>
      <symbol id="sm-9ec">
         <name>can1ParityCheck</name>
         <value>0x90bc</value>
         <object_component_ref idref="oc-84"/>
      </symbol>
      <symbol id="sm-9ed">
         <name>enableParity</name>
         <value>0xa3d0</value>
         <object_component_ref idref="oc-84"/>
      </symbol>
      <symbol id="sm-9ee">
         <name>custom_dabort</name>
         <value>0x8df4</value>
         <object_component_ref idref="oc-84"/>
      </symbol>
      <symbol id="sm-9ef">
         <name>memoryInit</name>
         <value>0x8174</value>
         <object_component_ref idref="oc-84"/>
      </symbol>
      <symbol id="sm-9f0">
         <name>stcSelfCheck</name>
         <value>0x81b8</value>
         <object_component_ref idref="oc-84"/>
      </symbol>
      <symbol id="sm-9f1">
         <name>efcGetConfigValue</name>
         <value>0x9f98</value>
         <object_component_ref idref="oc-84"/>
      </symbol>
      <symbol id="sm-9f2">
         <name>can2ParityCheck</name>
         <value>0x9198</value>
         <object_component_ref idref="oc-84"/>
      </symbol>
      <symbol id="sm-9f3">
         <name>het1ParityCheck</name>
         <value>0x8eac</value>
         <object_component_ref idref="oc-84"/>
      </symbol>
      <symbol id="sm-9f4">
         <name>adc1ParityCheck</name>
         <value>0x9004</value>
         <object_component_ref idref="oc-84"/>
      </symbol>
      <symbol id="sm-9f5">
         <name>checkefcSelfTest</name>
         <value>0x87bc</value>
         <object_component_ref idref="oc-84"/>
      </symbol>
      <symbol id="sm-9f6">
         <name>checkRAMECC</name>
         <value>0x93bc</value>
         <object_component_ref idref="oc-84"/>
      </symbol>
      <symbol id="sm-9f7">
         <name>stcSelfCheckFail</name>
         <value>0x8df8</value>
         <object_component_ref idref="oc-84"/>
      </symbol>
      <symbol id="sm-9f8">
         <name>ccmSelfCheck</name>
         <value>0x8030</value>
         <object_component_ref idref="oc-84"/>
      </symbol>
      <symbol id="sm-9f9">
         <name>efcCheck</name>
         <value>0x8660</value>
         <object_component_ref idref="oc-84"/>
      </symbol>
      <symbol id="sm-9fa">
         <name>cpuSelfTest</name>
         <value>0x8234</value>
         <object_component_ref idref="oc-84"/>
      </symbol>
      <symbol id="sm-9fb">
         <name>htu1ParityCheck</name>
         <value>0x8f4c</value>
         <object_component_ref idref="oc-84"/>
      </symbol>
      <symbol id="sm-9fc">
         <name>checkFlashECC</name>
         <value>0x8d18</value>
         <object_component_ref idref="oc-84"/>
      </symbol>
      <symbol id="sm-9fd">
         <name>cpuSelfTestFail</name>
         <value>0x8dfc</value>
         <object_component_ref idref="oc-84"/>
      </symbol>
      <symbol id="sm-9fe">
         <name>checkPLL1Slip</name>
         <value>0x9880</value>
         <object_component_ref idref="oc-84"/>
      </symbol>
      <symbol id="sm-9ff">
         <name>mibspi1ParityCheck</name>
         <value>0x9260</value>
         <object_component_ref idref="oc-84"/>
      </symbol>
      <symbol id="sm-a00">
         <name>ccmr4GetConfigValue</name>
         <value>0xa034</value>
         <object_component_ref idref="oc-84"/>
      </symbol>
      <symbol id="sm-a01">
         <name>pbistPortTestStatus</name>
         <value>0x8608</value>
         <object_component_ref idref="oc-84"/>
      </symbol>
      <symbol id="sm-a02">
         <name>checkFlashEEPROMECC</name>
         <value>0x96d8</value>
         <object_component_ref idref="oc-84"/>
      </symbol>
      <symbol id="sm-a03">
         <name>pbistGetConfigValue</name>
         <value>0x9db0</value>
         <object_component_ref idref="oc-84"/>
      </symbol>
      <symbol id="sm-a04">
         <name>vimParityCheck</name>
         <value>0x8e00</value>
         <object_component_ref idref="oc-84"/>
      </symbol>
      <symbol id="sm-a05">
         <name>pbistIsTestCompleted</name>
         <value>0x85a8</value>
         <object_component_ref idref="oc-84"/>
      </symbol>
      <symbol id="sm-a06">
         <name>disableParity</name>
         <value>0xa424</value>
         <object_component_ref idref="oc-84"/>
      </symbol>
      <symbol id="sm-a07">
         <name>pbistRun</name>
         <value>0x84ac</value>
         <object_component_ref idref="oc-84"/>
      </symbol>
      <symbol id="sm-a08">
         <name>pbistFail</name>
         <value>0x9d2c</value>
         <object_component_ref idref="oc-84"/>
      </symbol>
      <symbol id="sm-a09">
         <name>selftestFailNotification</name>
         <value>0x8020</value>
         <object_component_ref idref="oc-84"/>
      </symbol>
      <symbol id="sm-a0a">
         <name>errata_PBIST_4</name>
         <value>0xa0b0</value>
         <object_component_ref idref="oc-84"/>
      </symbol>
      <symbol id="sm-a0b">
         <name>efcSelfTest</name>
         <value>0x8794</value>
         <object_component_ref idref="oc-84"/>
      </symbol>
      <symbol id="sm-a0c">
         <name>checkB1RAMECC</name>
         <value>0x8b28</value>
         <object_component_ref idref="oc-84"/>
      </symbol>
      <symbol id="sm-a0d">
         <name>pbistStop</name>
         <value>0x8578</value>
         <object_component_ref idref="oc-84"/>
      </symbol>
      <symbol id="sm-a0e">
         <name>checkRAMAddrParity</name>
         <value>0x999c</value>
         <object_component_ref idref="oc-84"/>
      </symbol>
      <symbol id="sm-a0f">
         <name>checkB0RAMECC</name>
         <value>0x8938</value>
         <object_component_ref idref="oc-84"/>
      </symbol>
      <symbol id="sm-a10">
         <name>stcGetConfigValue</name>
         <value>0x9ef8</value>
         <object_component_ref idref="oc-84"/>
      </symbol>
      <symbol id="sm-a11">
         <name>pbistIsTestPassed</name>
         <value>0x85d4</value>
         <object_component_ref idref="oc-84"/>
      </symbol>
      <symbol id="sm-a12">
         <name>checkClockMonitor</name>
         <value>0x9604</value>
         <object_component_ref idref="oc-84"/>
      </symbol>
      <symbol id="sm-a13">
         <name>fmcECCcheck</name>
         <value>0x8898</value>
         <object_component_ref idref="oc-84"/>
      </symbol>
      <symbol id="sm-a14">
         <name>fmcBus2Check</name>
         <value>0x885c</value>
         <object_component_ref idref="oc-84"/>
      </symbol>
      <symbol id="sm-a15">
         <name>checkRAMUERRTest</name>
         <value>0x9aa4</value>
         <object_component_ref idref="oc-84"/>
      </symbol>
      <symbol id="sm-a16">
         <name>efcStuckZeroTest</name>
         <value>0x86e8</value>
         <object_component_ref idref="oc-84"/>
      </symbol>
      <symbol id="sm-a3f">
         <name>_c_int00</name>
         <value>0xeea8</value>
         <object_component_ref idref="oc-1e"/>
      </symbol>
      <symbol id="sm-a40">
         <name>handlePLLLockFail</name>
         <value>0x109f0</value>
         <object_component_ref idref="oc-78"/>
      </symbol>
      <symbol id="sm-ad8">
         <name>vimChannelMap</name>
         <value>0xc320</value>
         <object_component_ref idref="oc-42"/>
      </symbol>
      <symbol id="sm-ad9">
         <name>vimInit</name>
         <value>0xc24c</value>
         <object_component_ref idref="oc-42"/>
      </symbol>
      <symbol id="sm-ada">
         <name>vimEnableInterrupt</name>
         <value>0xc3c4</value>
         <object_component_ref idref="oc-42"/>
      </symbol>
      <symbol id="sm-adb">
         <name>vimDisableInterrupt</name>
         <value>0xc51c</value>
         <object_component_ref idref="oc-42"/>
      </symbol>
      <symbol id="sm-adc">
         <name>vimGetConfigValue</name>
         <value>0xc5a0</value>
         <object_component_ref idref="oc-42"/>
      </symbol>
      <symbol id="sm-add">
         <name>vimParityErrorHandler</name>
         <value>0xea08</value>
         <object_component_ref idref="oc-3e"/>
      </symbol>
      <symbol id="sm-b31">
         <name>systemGetConfigValue</name>
         <value>0xa848</value>
         <object_component_ref idref="oc-7e"/>
      </symbol>
      <symbol id="sm-b32">
         <name>trimLPO</name>
         <value>0xa560</value>
         <object_component_ref idref="oc-7e"/>
      </symbol>
      <symbol id="sm-b33">
         <name>systemInit</name>
         <value>0xa74c</value>
         <object_component_ref idref="oc-7e"/>
      </symbol>
      <symbol id="sm-b34">
         <name>customTrimLPO</name>
         <value>0xaef0</value>
         <object_component_ref idref="oc-7e"/>
      </symbol>
      <symbol id="sm-b35">
         <name>tcmflashGetConfigValue</name>
         <value>0xac08</value>
         <object_component_ref idref="oc-7e"/>
      </symbol>
      <symbol id="sm-b36">
         <name>sramGetConfigValue</name>
         <value>0xadb4</value>
         <object_component_ref idref="oc-7e"/>
      </symbol>
      <symbol id="sm-b37">
         <name>periphInit</name>
         <value>0xa614</value>
         <object_component_ref idref="oc-7e"/>
      </symbol>
      <symbol id="sm-b38">
         <name>setupFlash</name>
         <value>0xa5d4</value>
         <object_component_ref idref="oc-7e"/>
      </symbol>
      <symbol id="sm-b39">
         <name>setupPLL</name>
         <value>0xa510</value>
         <object_component_ref idref="oc-7e"/>
      </symbol>
      <symbol id="sm-b3a">
         <name>mapClocks</name>
         <value>0xa668</value>
         <object_component_ref idref="oc-7e"/>
      </symbol>
      <symbol id="sm-b3b">
         <name>systemPowerDown</name>
         <value>0xa818</value>
         <object_component_ref idref="oc-7e"/>
      </symbol>
      <symbol id="sm-b4f">
         <name>vTaskUARTRx</name>
         <value>0x107b0</value>
         <object_component_ref idref="oc-161"/>
      </symbol>
      <symbol id="sm-b93">
         <name>vTaskUARTTx</name>
         <value>0xe158</value>
         <object_component_ref idref="oc-168"/>
      </symbol>
      <symbol id="sm-bb8">
         <name>floorl</name>
         <value>0xfb5c</value>
         <object_component_ref idref="oc-232"/>
      </symbol>
      <symbol id="sm-bb9">
         <name>floor</name>
         <value>0xfb5c</value>
         <object_component_ref idref="oc-232"/>
      </symbol>
      <symbol id="sm-bd0">
         <name>__aeabi_dsub</name>
         <value>0xf0bc</value>
         <object_component_ref idref="oc-22d"/>
      </symbol>
      <symbol id="sm-bd1">
         <name>__aeabi_dadd</name>
         <value>0xf0c8</value>
         <object_component_ref idref="oc-22d"/>
      </symbol>
      <symbol id="sm-be3">
         <name>__aeabi_cdrcmple</name>
         <value>0x10388</value>
         <object_component_ref idref="oc-32c"/>
      </symbol>
      <symbol id="sm-bf7">
         <name>__aeabi_ddiv</name>
         <value>0xf84c</value>
         <object_component_ref idref="oc-228"/>
      </symbol>
      <symbol id="sm-c02">
         <name>__aeabi_dmul</name>
         <value>0x1008c</value>
         <object_component_ref idref="oc-243"/>
      </symbol>
      <symbol id="sm-c0c">
         <name>__aeabi_d2uiz</name>
         <value>0x1080c</value>
         <object_component_ref idref="oc-238"/>
      </symbol>
      <symbol id="sm-c25">
         <name>memcpy</name>
         <value>0xf9dc</value>
         <object_component_ref idref="oc-55"/>
      </symbol>
      <symbol id="sm-c26">
         <name>__aeabi_memcpy</name>
         <value>0xf9dc</value>
         <object_component_ref idref="oc-55"/>
      </symbol>
      <symbol id="sm-c27">
         <name>__aeabi_memcpy8</name>
         <value>0xf9dc</value>
         <object_component_ref idref="oc-55"/>
      </symbol>
      <symbol id="sm-c28">
         <name>__aeabi_memcpy4</name>
         <value>0xf9dc</value>
         <object_component_ref idref="oc-55"/>
      </symbol>
      <symbol id="sm-c32">
         <name>__aeabi_ui2d</name>
         <value>0x10900</value>
         <object_component_ref idref="oc-223"/>
      </symbol>
      <symbol id="sm-c41">
         <name>__aeabi_memset</name>
         <value>0x1060c</value>
         <object_component_ref idref="oc-de"/>
      </symbol>
      <symbol id="sm-c42">
         <name>memset</name>
         <value>0x10618</value>
         <object_component_ref idref="oc-de"/>
      </symbol>
      <symbol id="sm-c43">
         <name>__aeabi_memset8</name>
         <value>0x1060c</value>
         <object_component_ref idref="oc-de"/>
      </symbol>
      <symbol id="sm-c44">
         <name>__aeabi_memset4</name>
         <value>0x1060c</value>
         <object_component_ref idref="oc-de"/>
      </symbol>
      <symbol id="sm-c45">
         <name>__aeabi_memclr8</name>
         <value>0x10608</value>
         <object_component_ref idref="oc-de"/>
      </symbol>
      <symbol id="sm-c46">
         <name>__aeabi_memclr4</name>
         <value>0x10608</value>
         <object_component_ref idref="oc-de"/>
      </symbol>
      <symbol id="sm-c47">
         <name>__aeabi_memclr</name>
         <value>0x10608</value>
         <object_component_ref idref="oc-de"/>
      </symbol>
      <symbol id="sm-c53">
         <name>__aeabi_uidivmod</name>
         <value>0x10864</value>
         <object_component_ref idref="oc-23e"/>
      </symbol>
      <symbol id="sm-c54">
         <name>__aeabi_uidiv</name>
         <value>0x10864</value>
         <object_component_ref idref="oc-23e"/>
      </symbol>
      <symbol id="sm-c7c">
         <name>__TI_auto_init_nobinit_nopinit</name>
         <value>0x10748</value>
         <object_component_ref idref="oc-102"/>
      </symbol>
      <symbol id="sm-c8f">
         <name>__TI_zero_init</name>
         <value>0x109c4</value>
         <object_component_ref idref="oc-67"/>
      </symbol>
      <symbol id="sm-ca6">
         <name>__TI_decompress_none</name>
         <value>0x109b0</value>
         <object_component_ref idref="oc-17"/>
      </symbol>
      <symbol id="sm-cc9">
         <name>__TI_decompress_lzss</name>
         <value>0x106b8</value>
         <object_component_ref idref="oc-11"/>
      </symbol>
      <symbol id="sm-cd4">
         <name>C$$EXIT</name>
         <value>0x109e0</value>
         <object_component_ref idref="oc-175"/>
      </symbol>
      <symbol id="sm-cd5">
         <name>abort</name>
         <value>0x109e0</value>
         <object_component_ref idref="oc-175"/>
      </symbol>
      <symbol id="sm-ce5">
         <name>strcat</name>
         <value>0x10968</value>
         <object_component_ref idref="oc-2d4"/>
      </symbol>
      <symbol id="sm-cf3">
         <name>strlen</name>
         <value>0x10990</value>
         <object_component_ref idref="oc-291"/>
      </symbol>
      <symbol id="sm-d02">
         <name>strncat</name>
         <value>0x108b4</value>
         <object_component_ref idref="oc-2c8"/>
      </symbol>
      <symbol id="sm-d11">
         <name>strncmp</name>
         <value>0x10934</value>
         <object_component_ref idref="oc-2c2"/>
      </symbol>
      <symbol id="sm-d32">
         <name>strtol</name>
         <value>0xf2d0</value>
         <object_component_ref idref="oc-2ce"/>
      </symbol>
      <symbol id="sm-d48">
         <name>__aeabi_errno_addr</name>
         <value>0x109d4</value>
         <object_component_ref idref="oc-37f"/>
      </symbol>
      <symbol id="sm-d49">
         <name>errno</name>
         <value>0x8003050</value>
         <object_component_ref idref="oc-3e4"/>
      </symbol>
      <symbol id="sm-d53">
         <name>__aeabi_idiv0</name>
         <value>0x109ec</value>
         <object_component_ref idref="oc-339"/>
      </symbol>
      <symbol id="sm-d54">
         <name>__aeabi_ldiv0</name>
         <value>0x109ec</value>
         <object_component_ref idref="oc-339"/>
      </symbol>
      <symbol id="sm-d5f">
         <name>_ctypes_</name>
         <value>0x10f14</value>
         <object_component_ref idref="oc-385"/>
      </symbol>
      <symbol id="sm-d60">
         <name>__TI_static_base__</name>
         <value>0x0</value>
      </symbol>
      <symbol id="sm-d64">
         <name>SHT$$INIT_ARRAY$$Base</name>
         <value>0x0</value>
      </symbol>
      <symbol id="sm-d65">
         <name>SHT$$INIT_ARRAY$$Limit</name>
         <value>0x0</value>
      </symbol>
      <symbol id="sm-d66">
         <name>_system_post_cinit</name>
         <value>0x0</value>
      </symbol>
   </symbol_table>
   <title>Link successful</title>
</link_info>
